// Jest Snapshot v1, https://goo.gl/fbAQLP

exports[`Git Form renders without crashing 1`] = `
<form
  className="container"
  onSubmit={[Function]}
>
  <div
    className="row"
  >
    <div
      className="form-group col"
    >
      <div>
        <input
          className="form-control"
          name="searchText"
          onBlur={[Function]}
          onChange={[Function]}
          onDragStart={[Function]}
          onDrop={[Function]}
          onFocus={[Function]}
          placeholder="Search Text"
          value=""
        />
      </div>
    </div>
    <div
      className="form-group col"
    >
      <div>
        <input
          className="form-control"
          name="stars"
          onBlur={[Function]}
          onChange={[Function]}
          onDragStart={[Function]}
          onDrop={[Function]}
          onFocus={[Function]}
          placeholder="stars"
          value=""
        />
      </div>
    </div>
  </div>
  <div
    className="row"
  >
    <div
      className="form-group col"
    >
      <label>
        License
      </label>
      :
      <select
        className="custom-select custom-select-lg mb-3"
        name="license"
        onBlur={[Function]}
        onChange={[Function]}
        onDragStart={[Function]}
        onDrop={[Function]}
        onFocus={[Function]}
        value=""
      >
        <option
          value="mit"
        >
          MIT
        </option>
        <option
          value="isc"
        >
          ISC
        </option>
        <option
          value="apache"
        >
          Apache
        </option>
        <option
          value="gpl"
        >
          GPL
        </option>
      </select>
    </div>
    <div
      className="col custom-control custom-checkbox"
    >
      <input
        checked={false}
        name="hasForked"
        onBlur={[Function]}
        onChange={[Function]}
        onDragStart={[Function]}
        onDrop={[Function]}
        onFocus={[Function]}
        type="checkbox"
        value=""
      />
       
      <label>
        Include Forked
      </label>
    </div>
  </div>
  <div
    className="col text-center form-group"
  >
    <button
      className="btn btn-primary"
      disabled={true}
      type="submit"
    >
      SEARCH
    </button>
  </div>
</form>
`;
