// Jest Snapshot v1, https://goo.gl/fbAQLP

exports[`Header Match Snapshot 1`] = `
<header
  className="navbar navbar-expand navbar-dark flex-column flex-md-row bd-navbar"
>
  <a
    className="container"
    href="#"
  >
    <img
      src="../../../assets/logo.png"
    />
  </a>
</header>
`;
