// Jest Snapshot v1, https://goo.gl/fbAQLP

exports[`SearchResults Match Snapshot 1`] = `
<div>
  No Search Results found
</div>
`;
